/work/nvme/bemc/python_envs/sedd_env_3/lib/python3.10/site-packages/huggingface_hub/file_download.py:945: FutureWarning: `resume_download` is deprecated and will be removed in version 1.0.0. Downloads always resume when possible. If you want to force a new download, use `force_download=True`.
  warnings.warn(
Using device: cuda
Loading checkpoint shards:   0%|          | 0/6 [00:00<?, ?it/s]Loading checkpoint shards:  17%|█▋        | 1/6 [00:05<00:27,  5.56s/it]Loading checkpoint shards:  33%|███▎      | 2/6 [00:12<00:26,  6.60s/it]Loading checkpoint shards:  50%|█████     | 3/6 [00:20<00:21,  7.06s/it]Loading checkpoint shards:  67%|██████▋   | 4/6 [00:27<00:14,  7.01s/it]Loading checkpoint shards:  83%|████████▎ | 5/6 [00:33<00:06,  6.82s/it]Loading checkpoint shards: 100%|██████████| 6/6 [00:38<00:00,  6.07s/it]Loading checkpoint shards: 100%|██████████| 6/6 [00:38<00:00,  6.42s/it]
/work/nvme/bemc/python_envs/sedd_env_3/lib/python3.10/site-packages/huggingface_hub/file_download.py:945: FutureWarning: `resume_download` is deprecated and will be removed in version 1.0.0. Downloads always resume when possible. If you want to force a new download, use `force_download=True`.
  warnings.warn(
Special tokens have been added in the vocabulary, make sure the associated word embeddings are fine-tuned or trained.
Special token IDs to exclude from amplification: [126080, 126081, 126082]
Loaded 500 prompts from prompts.txt
================================================================================
LLaDA WATERMARKING METRICS TEST - PROMPT-BASED GENERATION
================================================================================
Testing 500 prompts × 1 gamma × 1 amplification × 1 step patterns × 1 seeds
Parameters: gamma=[0.025], amplification=[4.5], step_to_watermark=[50], seeds=[1]
================================================================================

--- Testing Prompt 1/30: Explain the laws of motion in everyday language.... ---
Testing prompt 1, seed=1, gamma=0.025, amplification=4.5, steps=50
  Full output: Explain
  Generated text:  1. A pong ball on a table will stay on a table 2. a pong ball on a table will stay on a table 3. A pong ball on a table will stay on a table 4. A pong ball on a table will stay on a table 5. A pong ball on a table will stay on a table 6. A pong ball on a table will stay on a table 7. A pong ball on a table will stay on a table 8. A pong ball on a table will stay on a table 9. A pong ball
  Match %: 0.4688, Z-score: 32.1567, Perplexity: 1.93

--- Testing Prompt 2/30: Explain the causes and effects of air pollution.... ---
Testing prompt 2, seed=1, gamma=0.025, amplification=4.5, steps=50
  Full output: Explain
  Generated text:  

Air pollution is caused by a variety of factors, including emissions such as sulfur dioxide, nitrogen oxides, and fine particulate matter released from sources such as power plants, automobiles, and factories. It can cause a range of serious health problems, such as respiratory problems, heart disease, and cancer. It can also lead to environmental damage, such as acid rain and smog. Additionally, it can have economic impacts, such as healthcare costs associated with air pollution and reduced productivity due to poor health. Overall, air pollution is a serious issue that requires immediate attention.
  Match %: 0.1652, Z-score: 9.6312, Perplexity: 8.00

--- Testing Prompt 3/30: Write a poem about the forest at night.... ---
Testing prompt 3, seed=1, gamma=0.025, amplification=4.5, steps=50
  Full output: Write
  Generated text: 
The forest is alive at night 
Softly glowing like a beacon bright 
The wind rustls through the trees 
Creating a gentle rustling sound 
Dancing through the trees 
Then a wolf howls through the night 
Then a wolf howls through the night 
Then a wolf howls through the night 
Then a wolf howls through the night 
Then a wolf howls through the night 
Then a wolf howls through the night 
Then a wolf howls through the night 
Then a wolf howls through the night 
Then a wolf howls
  Match %: 0.4375, Z-score: 29.8921, Perplexity: 5.27

--- Testing Prompt 4/30: Explain how the human brain processes information.... ---
Testing prompt 4, seed=1, gamma=0.025, amplification=4.5, steps=50
  Full output: Explain
  Generated text: 

The human brain processes information through a pattern of electrical activity known as a neural activity. When the brain detects sensory stimuli, such as light, sound, or touch, it sends signals through a set of neurons known as dendrites. These signals then get transmitted through a set of neurons known as synapses, which are responsible for transmitting the signals from one neuron to another. The signals then reach a set of neurons known as neurons, which are responsible for processing the information and creating a pattern of neural activity. This pattern is then used to create a representation of the sensory stimuli, allowing the brain to make sense of the stimuli.
  Match %: 0.2362, Z-score: 15.2463, Perplexity: 8.04

--- Testing Prompt 5/30: What are the benefits and drawbacks of remote work... ---
Testing prompt 5, seed=1, gamma=0.025, amplification=4.5, steps=50
  Full output: What
  Generated text: 
The benefits of remote work are a reduced commute time, a reduced stress level, a reduced commute time, a reduced stress level, a reduced commute time, a reduced stress level, a reduced commute time, a reduced stress level, a reduced commute time, a reduced stress level, a reduced commute time, a reduced stress level, a reduced commute time, a reduced stress level, a reduced commute time, a reduced stress level, a reduced commute time, a reduced stress level, a reduced commute time, a reduced stress level, a reduced commute time, a reduced stress level, a reduced commute time, a reduced stress level.
  Match %: 0.5703, Z-score: 39.5165, Perplexity: 2.08

--- Testing Prompt 6/30: Explain how sound travels.... ---
Testing prompt 6, seed=1, gamma=0.025, amplification=4.5, steps=50
  Full output: Explain
  Generated text: 

Sound travels through the mechanical vibration of molecules passing through a medium such as air, water, or solids. When sound travels through a medium such as air, the molecules within the air vibrate. These vibrating air molecules then hit other air molecules, causing a chain reaction of vibrations. When sound travels through a solid such as metal, the molecules within the metal vibrate. These vibrating metal molecules then hit other metal molecules, causing a chain reaction of vibrations. When sound travels through a liquid such as water, the molecules within the water vibrate. These vibrating water molecules then hit other water molecules, causing a chain reaction of vibrations.
  Match %: 0.2500, Z-score: 16.3048, Perplexity: 5.05

--- Testing Prompt 7/30: Describe the process of evolution by natural selec... ---
Testing prompt 7, seed=1, gamma=0.025, amplification=4.5, steps=50
  Full output: Describe
  Generated text: 

Evolution by natural selection is a process where individuals within a population that possess certain traits suited to their environment are more likely to survive and reproduce. Over time, the frequency of these traits increases in the population, leading to the evolution of a species. This process happens when individuals within  a population have certain traits that make them better adapted to their environment. As a result, they are more likely to survive and reproduce, allowing them to pass on their advantageous traits to future generations. Over time, these advantageous traits become more common within the population, leading to the evolution of a species.
  Match %: 0.1933, Z-score: 11.7578, Perplexity: 8.91

--- Testing Prompt 8/30: Explain how blockchain technology works.... ---
Testing prompt 8, seed=1, gamma=0.025, amplification=4.5, steps=50
  Full output: Explain
  Generated text: 
Blockchain technology is a decentralized ledger that records transactions across a network of computers. Each node/computer has a copy of the entire ledger, and transactions are verified by the network through a consensus algorithm. Once a transaction is verified, a hash is added to a new block, which is then added to the ledger. This process creates a chain of blocks, which are linked together through a cryptographic hash. Once a block is added to the chain, it cannot be altered without the consensus of the entire network. This ensures that transactions are secure and reliable.
  Match %: 0.2252, Z-score: 13.5116, Perplexity: 8.75

--- Testing Prompt 9/30: Write a story about a child raised by wolves.... ---
Testing prompt 9, seed=1, gamma=0.025, amplification=4.5, steps=50
  Full output: Write
  Generated text: 
In a cold winter night, a young child wandered through a dense forest. Without a way home and without a source of food, a small pack of wolves decided to give the child a new home. Without a way home and without a source of food, a young child wandered through a dense forest. Without a way home and without a source of food, a small pack of wolves decided to give the child a new home. Without a way home and without a source of food, a young child wandered through a dense forest. Without a way home and without a source of food, a young child wandered through a dense forest.
  Match %: 0.3228, Z-score: 21.4983, Perplexity: 3.40

--- Testing Prompt 10/30: Write a poem about nature.... ---
Testing prompt 10, seed=1, gamma=0.025, amplification=4.5, steps=50
  Full output: Write
  Generated text: 
Nature's bright colors are a beautiful sight,
Nature's bright colors are a beautiful sight,
Nature's bright colors are a beautiful sight,
Nature's bright colors are a beautiful sight,
Nature's bright colors are a beautiful sight,
Nature's bright colors are a beautiful sight,
Nature's bright colors are a beautiful sight,
Nature's bright colors are a beautiful sight,
Nature's bright colors are a beautiful sight,
Nature's bright colors are a beautiful sight,
Nature's bright colors are a beautiful sight,
Nature's bright colors are a beautiful sight.
  Match %: 0.3967, Z-score: 26.1882, Perplexity: 2.01

--- Testing Prompt 11/30: Describe the process of protein synthesis.... ---
Testing prompt 11, seed=1, gamma=0.025, amplification=4.5, steps=50
  Full output: Describe
  Generated text: 
Protein synthesis occurs through a set of steps known as translation. At the beginning of the process, a mRNA is attached to a ribosome which contains a set of enzymes. The ribosome then reads a set of codons on the mRNA and causes a set of amino acids to bind together to form a polypeptide chain. When the ribosome reaches a stop codon, the process terminates. The polypeptide chain is then released from the ribosome and undergoes further modifications to become a functional protein.
  Match %: 0.2400, Z-score: 13.7710, Perplexity: 10.53

--- Testing Prompt 12/30: Write a poem about journeys.... ---
Testing prompt 12, seed=1, gamma=0.025, amplification=4.5, steps=50
  Full output: Write
  Generated text: 
A journey 
is a journey 
is a journey 
is a journey 
is a journey 
is a journey 
is a journey 
is a journey 
is a journey 
is a journey 
is a journey 
is a journey 
is a journey 
is a journey 
is a journey 
is a journey 
is a journey 
is a journey 
is a journey 
is a journey 
is a journey 
is a journey 
is a journey 
is a journey 
is a journey 
is a journey
  Match %: 0.3906, Z-score: 26.4953, Perplexity: 1.81

--- Testing Prompt 13/30: Explain the concept of sustainability.... ---
Testing prompt 13, seed=1, gamma=0.025, amplification=4.5, steps=50
  Full output: Explain
  Generated text: 

Sustainability refers to the practice of using resources in a way that provides for the present generations without compromising the ability of future generations to meet their own needs. It aims to achieve a balance between environmental, economic, and social aspects, ensuring that resources are used efficiently, ecosystems are protected, and communities are thriving. Sustainable practices are designed to prevent environmental degradation, reduce poverty, improve social equality, and create a more prosperous future for all people. It is a holistic approach that considers the interconnectedness of these factors.
  Match %: 0.2115, Z-score: 12.1846, Perplexity: 11.70

--- Testing Prompt 14/30: Write a creative story about a detective solving a... ---
Testing prompt 14, seed=1, gamma=0.025, amplification=4.5, steps=50
  Full output: Write
  Generated text: 
Once upon a time in a city, there was a detective who was solving a mystery. He received a frantic phone call from a woman who had reported a woman, then through a woman, then through a woman, then through a woman, then through a woman, then through a woman, then through a woman, then through a woman, then through a woman, then through a woman, then through a woman, then through a woman, then through a woman, then through a woman, then through a woman, then through a woman, then through a woman, then through a woman, then through a woman, then through a
  Match %: 0.6772, Z-score: 47.0747, Perplexity: 2.98

--- Testing Prompt 15/30: Explain how thunderstorms form.... ---
Testing prompt 15, seed=1, gamma=0.025, amplification=4.5, steps=50
  Full output: Explain
  Generated text: 

Thunderstorms form through a combination of moisture, convection, and instability. The process begins when warm, moist air rises through a surface. This warm air then becomes unstable and begins to rise rapidly through convection. As the warm air rises, it cools and releases its moisture content, creating water droplets. When the water droplets are large enough, they gather together to form clouds. When the droplets within the clouds become large enough, they fall as precipitation through a process called condensation. When the droplets within the clouds are large enough, they can fall as hail, which can then grow into hailstones through a process called accretion.
  Match %: 0.2520, Z-score: 16.3831, Perplexity: 11.73

--- Testing Prompt 16/30: Write a poem about loneliness.... ---
Testing prompt 16, seed=1, gamma=0.025, amplification=4.5, steps=50
  Full output: Write
  Generated text: 
Like a ghost walks through a city bright,
Like a ghost walks through a city bright,
Like a ghost walks through a city bright,
Like a ghost walks through a city bright,
Like a ghost walks through a city bright,
Like a ghost walks through a city bright,
Like a ghost walks through a city bright,
Like a ghost walks through a city bright,
Like a ghost walks through a city bright,
Like a ghost walks through a city bright,
Like a ghost walks through a city bright,
Like a ghost walks through a city bright.
  Match %: 0.5950, Z-score: 40.1631, Perplexity: 2.05

--- Testing Prompt 17/30: Write a story about a door that only opens at midn... ---
Testing prompt 17, seed=1, gamma=0.025, amplification=4.5, steps=50
  Full output: Write
  Generated text: 
Every Wednesday night, a woman would walk through a red doorway. On a thursday night, a woman would walk through a blue doorway. On a Friday night, a woman would walk through a green doorway.  On a saturday night, a woman would walk through a yellow doorway. On a Sunday night, a woman would walk through a purple doorway.  On a monday night, a woman would walk through a pink doorway. On a tuesday night, a woman would walk through a orange doorway. On a wednesday night, a woman would walk through a red doorway.
  Match %: 0.4333, Z-score: 28.6506, Perplexity: 3.99

--- Testing Prompt 18/30: Write a poem about courage.... ---
Testing prompt 18, seed=1, gamma=0.025, amplification=4.5, steps=50
  Full output: Write
  Generated text: 
Courage is a flame that burns bright within,
Guiding us through a world of doubt and sin.
It is a voice that echoes through the night,
Urging us to do what is right.

Like mountains resolute, it stands tall and grand,
Facing challenges with a steady hand.
Like stars bright, it light up the way,
Guiding us through a world of gray.

Courage is a river that flows through the heart,
Turning over obstacles with a simple start.
It is a bird that flies through the sky,
A symbol of freedom and liberty.
  Match %: 0.2188, Z-score: 14.0402, Perplexity: 25.40

--- Testing Prompt 19/30: Write a creative story about a cursed object.... ---
Testing prompt 19, seed=1, gamma=0.025, amplification=4.5, steps=50
  Full output: Write
  Generated text: 
Once upon a time, there was a woman who lived in a small village nestled in a mountains. She was a woman of talent, a woman of passion, a woman of talent, a woman of passion, a woman of talent, a woman of passion, a woman of talent, a woman of passion, a woman of talent, a woman of passion, a woman of talent, a woman of passion, a woman of talent, a woman of passion, a woman of talent, a woman of passion, a woman of talent, a woman of passion, a woman of talent, a woman of passion, a woman of
  Match %: 0.5354, Z-score: 36.8441, Perplexity: 2.67

--- Testing Prompt 20/30: Explain how vaccines are developed.... ---
Testing prompt 20, seed=1, gamma=0.025, amplification=4.5, steps=50
  Full output: Explain
  Generated text: 
Vaccines are developed through a process of research, testing, and approval. First, scientists must identify a pathogen that is causing a disease and then develop a vaccine that can effectively neutralize that pathogen. The vaccine is then tested on human volunteers to verify its safety and efficacy. The vaccine is then tested on human volunteers to verify its safety and efficacy. The vaccine is then tested on human volunteers to verify its safety and efficacy. The vaccine is then tested on human volunteers to verify its safety and efficacy. The vaccine is then tested on human volunteers to verify its safety and efficacy. The vaccine is then tested on human volunteers to verify
  Match %: 0.2520, Z-score: 16.3831, Perplexity: 3.46

--- Testing Prompt 21/30: Write a story about a soldier who refuses to fight... ---
Testing prompt 21, seed=1, gamma=0.025, amplification=4.5, steps=50
  Full output: Write
  Generated text: 
Once upon a time in a land far away from a city, there was a soldier. He was a cowardly soldier with a cowardly heart and a cowardly soul. A cowardly soldier with a cowardly heart and a cowardly soul. A cowardly soldier with a cowardly heart and a cowardly soul. A cowardly soldier with a cowardly heart and a cowardly soul. A cowardly soldier with a cowardly heart and a cowardly soul. A cowardly soldier with a cowardly heart and a cowardly soul. A cowardly soldier with a cowardly heart and a cowardly soul.
  Match %: 0.5276, Z-score: 36.2758, Perplexity: 2.91

--- Testing Prompt 22/30: Write a story about a pirate searching for a curse... ---
Testing prompt 22, seed=1, gamma=0.025, amplification=4.5, steps=50
  Full output: Write
  Generated text: 
Many years ago, a pirate set out on a journey to hunt for a cursed treasure. On a sunny morning he reached a cavern high atop a mountaintop. The cavern was foggy and seemed to emit a ghostly aura. He made his way through the cavern and reached a chamber. At the center of the chamber was a stone altar. On a pedestal, in front of the altar, was a casket. On a casket, was a map.
  Match %: 0.3636, Z-score: 21.5814, Perplexity: 14.01

--- Testing Prompt 23/30: Write a story about a character lost in a dream wo... ---
Testing prompt 23, seed=1, gamma=0.025, amplification=4.5, steps=50
  Full output: Write
  Generated text: 
In the story, a woman is walking through a dream world with no purpose. She walks through a forest, then through a desert, then through a city, then through a forest, then through a desert, then through a city, then through a forest, then through a desert, then through a city, then through a forest, then through a desert, then through a city, then through a forest, then through a desert, then through a city, then through a forest, then through a desert, then through a city, then through a forest, then through a desert, then through a city, then through a
  Match %: 0.6142, Z-score: 42.5278, Perplexity: 2.42

--- Testing Prompt 24/30: Describe the life cycle of a butterfly.... ---
Testing prompt 24, seed=1, gamma=0.025, amplification=4.5, steps=50
  Full output: Describe
  Generated text: 
The life cycle of a butterfly consists of four stages: egg, larva, pupa (chrysalis), and adult. The process begins when a female butterfly lays eggs on a host plant, which then hatch into larvae, also known as caterpillars. The caterpillars consume a large amount of food and shed their skin several times. They then find a safe place to form a protective cocoon called a chrysalis. Inside this, the caterpillar undergoes a metamorphosis where it transforms into an adult butterfly. Finally, the newly formed butterfly emerges from the chrysalis and continues its life cycle.
  Match %: 0.1181, Z-score: 6.7209, Perplexity: 11.46

--- Testing Prompt 25/30: Explain the role of bees in pollination.... ---
Testing prompt 25, seed=1, gamma=0.025, amplification=4.5, steps=50
  Full output: Explain
  Generated text: 
Bees play a crucial role in pollination, and are the most important pollination agents for many plants. When a bee walks through a flower, it picks up pollen from the male parts (anthers) on its body. The bee then moves to the next flower, where it drops the pollen onto the female parts (stigma), resulting in pollination. This process is known as cross- pollination. Bees also carry pollen from one plant to the next, allowing cross-pollination to occur over a wider area. Without bees, many plants would not be able to reproduce and their numbers would be greatly reduced.
  Match %: 0.1654, Z-score: 10.1311, Perplexity: 13.90

--- Testing Prompt 26/30: Explain the importance of critical thinking.... ---
Testing prompt 26, seed=1, gamma=0.025, amplification=4.5, steps=50
  Full output: Explain
  Generated text: 
Critical thinking is essential for the ability to solve problems, approach challenges, and make informed decisions. It allows individuals to analyze information, evaluate evidence, and make judgments based on a rational approach. Without critical thinking, individuals are more susceptible to external influences and make decisions that are not rational. Additionally, critical thinking enables individuals to identify the root causes of problems and approach them in a systematic manner. As a result, critical thinking can help individuals stay informed and make decisions that are based on reliable information.
  Match %: 0.2673, Z-score: 15.5987, Perplexity: 11.41

--- Testing Prompt 27/30: Explain how medical imaging works.... ---
Testing prompt 27, seed=1, gamma=0.025, amplification=4.5, steps=50
  Full output: Explain
  Generated text: 

Medical imaging techniques are used to create images of the inside and outside of the body. There are a variety of different imaging techniques, such as X-rays, CT scans, MRI, ultrasound, and MRI. These techniques are used to diagnose certain health problems, such as tumors, fractures, and heart problems.  Typically, a patient will walk through a machine, walk through a machine, walk through a machine, or through a machine. The machine will then take a photograph of the  walk through a machine, walk through a machine  body. A doctor will then take a look at the photograph and make a diagnosis.
  Match %: 0.3150, Z-score: 20.9300, Perplexity: 11.41

--- Testing Prompt 28/30: Write a story about a painter who can see the futu... ---
Testing prompt 28, seed=1, gamma=0.025, amplification=4.5, steps=50
  Full output: Write
  Generated text: 
Once, there was a talented painter who had a unique ability: he could see the future through his paintings. One day, he was painting in a city, and suddenly he saw a vision of a city that would exist a hundred years later. The city was glowing with a bright light, and the people were standing in a line, waiting for a train to arrive. When he finished painting, a hundred years later, a city was glowing and the people were standing in a line, waiting for a train to arrive.
  Match %: 0.3019, Z-score: 18.2592, Perplexity: 10.49

--- Testing Prompt 29/30: Explain how the human genome project changed scien... ---
Testing prompt 29, seed=1, gamma=0.025, amplification=4.5, steps=50
  Full output: Explain
  Generated text: 
The human genome project revolutionized the field of genetics by providing a complete map of the human genome, which consists of approximately 3 billion base pairs of DNA. This project has allowed scientists to better understand the genetic basis of diseases and traits, and has led to the development of new medical treatments, such as genetic testing and personalized medicine. The project has also provided a foundation for the study of human evolution and has helped to identify the genetic basis of various human traits. Additionally, the human genome project has led to a greater understanding of the complexity and variability within the genome, and has provided a foundation for future research in genetics.
  Match %: 0.1181, Z-score: 6.7209, Perplexity: 9.12

--- Testing Prompt 30/30: Explain how digital currencies work.... ---
Testing prompt 30, seed=1, gamma=0.025, amplification=4.5, steps=50
  Full output: Explain
  Generated text: 
Digital currencies, also known as altcoins, are a form of tokenized currency that is stored on a computer and transferred through a network. They are a form of a decentralized currency that is backed by a blockchain technology and are a form of tokenized currency. Digital currencies are a form of tokenized currency that is stored on a computer and transferred through a network. They are a form of a decentralized currency that is backed by a blockchain technology and are a form of tokenized currency. Digital currencies are a form of tokenized currency that is stored on a computer and transferred through a network. They are a form of a decentralized currency that
  Match %: 0.3828, Z-score: 25.9291, Perplexity: 3.45

Results saved to watermark_results_prompts.csv

====================================================================================================
SUMMARY STATISTICS
====================================================================================================
Amplification 4.5: Avg Z-score: 22.4123, Avg Match %: 0.3415, Avg Perplexity: 7.35

By Gamma:
Gamma 0.025: Avg Z-score: 22.4123, Avg Match %: 0.3415
